// 重构日志: 2488e47b
// 重构日志: 2d868b59
// 重构日志: 2e03e1a4
// 重构日志: 6804a285
// 重构日志: 7e33aa27
// 重构日志: 1018e632
// 重构日志: c58407af
// 同步 ID: eaacb403 @ Wed Jul 29 11:34:35 UTC 2026
// 重构日志: 20fd2c67
// 重构日志: 96647f65
// 重构日志: 2791ede3
// 同步 ID: 4958b6e5 @ Thu Jul 30 11:34:57 UTC 2026
// 同步 ID: f39f03bd @ Thu Jul 30 14:17:10 UTC 2026
// 重构日志: 704575d9
// 重构日志: a31e4858
// 重构日志: 0990b1f7
// 重构日志: a651cfd3
// 重构日志: d8fb4856
// 同步 ID: 422533ec @ Sun Aug  2 03:50:55 UTC 2026
// 同步 ID: 61dfb31e @ Sun Aug  2 17:47:51 UTC 2026
// 同步 ID: 40caa933 @ Mon Aug  3 15:02:56 UTC 2026
// 同步 ID: 903f217a @ Tue Aug  4 11:11:36 UTC 2026
// 同步 ID: 5bbecbcf @ Thu Aug  6 04:32:57 UTC 2026
// 同步 ID: 1bb99a83 @ Thu Aug  6 15:14:59 UTC 2026
// 同步 ID: 32556373 @ Fri Aug  7 00:11:18 UTC 2026
// 重构日志: de29879b
// 同步 ID: e6c9e960 @ Fri Aug  7 11:52:31 UTC 2026
// 重构日志: f9a2be16
// 重构日志: 20bc1d86
// 同步 ID: 1030be43 @ Sat Aug  8 12:54:24 UTC 2026
